Release 14.7 - xst P.20131013 (lin64)
Copyright (c) 1995-2013 Xilinx, Inc.  All rights reserved.
--> 
Parameter TMPDIR set to xst/projnav.tmp


Total REAL time to Xst completion: 0.00 secs
Total CPU time to Xst completion: 0.00 secs
 
--> 
Parameter xsthdpdir set to xst


Total REAL time to Xst completion: 0.00 secs
Total CPU time to Xst completion: 0.00 secs
 
--> 
Reading design: Eight_Reg_16bits.prj

TABLE OF CONTENTS
  1) Synthesis Options Summary
  2) HDL Parsing
  3) HDL Elaboration
  4) HDL Synthesis
       4.1) HDL Synthesis Report
  5) Advanced HDL Synthesis
       5.1) Advanced HDL Synthesis Report
  6) Low Level Synthesis
  7) Partition Report
  8) Design Summary
       8.1) Primitive and Black Box Usage
       8.2) Device utilization summary
       8.3) Partition Resource Summary
       8.4) Timing Report
            8.4.1) Clock Information
            8.4.2) Asynchronous Control Signals Information
            8.4.3) Timing Summary
            8.4.4) Timing Details
            8.4.5) Cross Clock Domains Report


=========================================================================
*                      Synthesis Options Summary                        *
=========================================================================
---- Source Parameters
Input File Name                    : "Eight_Reg_16bits.prj"
Ignore Synthesis Constraint File   : NO

---- Target Parameters
Output File Name                   : "Eight_Reg_16bits"
Output Format                      : NGC
Target Device                      : xc6vlx75t-1-ff484

---- Source Options
Top Module Name                    : Eight_Reg_16bits
Automatic FSM Extraction           : YES
FSM Encoding Algorithm             : Auto
Safe Implementation                : No
FSM Style                          : LUT
RAM Extraction                     : Yes
RAM Style                          : Auto
ROM Extraction                     : Yes
Shift Register Extraction          : YES
ROM Style                          : Auto
Resource Sharing                   : YES
Asynchronous To Synchronous        : NO
Shift Register Minimum Size        : 2
Use DSP Block                      : Auto
Automatic Register Balancing       : No

---- Target Options
LUT Combining                      : Auto
Reduce Control Sets                : Auto
Add IO Buffers                     : YES
Global Maximum Fanout              : 100000
Add Generic Clock Buffer(BUFG)     : 32
Register Duplication               : YES
Optimize Instantiated Primitives   : NO
Use Clock Enable                   : Auto
Use Synchronous Set                : Auto
Use Synchronous Reset              : Auto
Pack IO Registers into IOBs        : Auto
Equivalent register Removal        : YES

---- General Options
Optimization Goal                  : Speed
Optimization Effort                : 1
Power Reduction                    : NO
Keep Hierarchy                     : No
Netlist Hierarchy                  : As_Optimized
RTL Output                         : Yes
Global Optimization                : AllClockNets
Read Cores                         : YES
Write Timing Constraints           : NO
Cross Clock Analysis               : NO
Hierarchy Separator                : /
Bus Delimiter                      : <>
Case Specifier                     : Maintain
Slice Utilization Ratio            : 100
BRAM Utilization Ratio             : 100
DSP48 Utilization Ratio            : 100
Auto BRAM Packing                  : NO
Slice Utilization Ratio Delta      : 5

=========================================================================


=========================================================================
*                          HDL Parsing                                  *
=========================================================================
Analyzing Verilog file "/home/ise/ISE/Multiple_Cycle_16_Bit_RISC_Computer/Schematic_Entry/MUX8_1.vf" into library work
Parsing module <OR8_HXILINX_MUX8_1>.
Parsing module <MUX8_1>.
Analyzing Verilog file "/home/ise/ISE/Multiple_Cycle_16_Bit_RISC_Computer/Schematic_Entry/MUX8_1_16bits.vf" into library work
Parsing module <OR8_HXILINX_MUX8_1_16bits>.
Parsing module <MUX8_1_MUSER_MUX8_1_16bits>.
Parsing module <MUX8_1_16bits>.
Analyzing Verilog file "/home/ise/ISE/Multiple_Cycle_16_Bit_RISC_Computer/Schematic_Entry/DFF_Reg_16bits.vf" into library work
Parsing module <DFF_Reg_16bits>.
Analyzing Verilog file "/home/ise/ISE/Multiple_Cycle_16_Bit_RISC_Computer/Schematic_Entry/D3_8E.vf" into library work
Parsing module <D3_8E>.
Analyzing Verilog file "/home/ise/ISE/Multiple_Cycle_16_Bit_RISC_Computer/Schematic_Entry/Eight_Reg_16bits.vf" into library work
Parsing module <OR8_HXILINX_Eight_Reg_16bits>.
Parsing module <D3_8E_MUSER_Eight_Reg_16bits>.
Parsing module <MUX8_1_MUSER_Eight_Reg_16bits>.
Parsing module <MUX8_1_16bits_MUSER_Eight_Reg_16bits>.
Parsing module <DFF_Reg_16bits_MUSER_Eight_Reg_16bits>.
Parsing module <Eight_Reg_16bits>.

=========================================================================
*                            HDL Elaboration                            *
=========================================================================

Elaborating module <Eight_Reg_16bits>.

Elaborating module <D3_8E_MUSER_Eight_Reg_16bits>.

Elaborating module <INV>.

Elaborating module <AND4>.

Elaborating module <MUX8_1_16bits_MUSER_Eight_Reg_16bits>.

Elaborating module <MUX8_1_MUSER_Eight_Reg_16bits>.

Elaborating module <OR8_HXILINX_Eight_Reg_16bits>.

Elaborating module <DFF_Reg_16bits_MUSER_Eight_Reg_16bits>.

Elaborating module <FDE(INIT=1'b0)>.

=========================================================================
*                           HDL Synthesis                               *
=========================================================================

Synthesizing Unit <Eight_Reg_16bits>.
    Related source file is "/home/ise/ISE/Multiple_Cycle_16_Bit_RISC_Computer/Schematic_Entry/Eight_Reg_16bits.vf".
    Summary:
	no macro.
Unit <Eight_Reg_16bits> synthesized.

Synthesizing Unit <D3_8E_MUSER_Eight_Reg_16bits>.
    Related source file is "/home/ise/ISE/Multiple_Cycle_16_Bit_RISC_Computer/Schematic_Entry/Eight_Reg_16bits.vf".
    Summary:
	no macro.
Unit <D3_8E_MUSER_Eight_Reg_16bits> synthesized.

Synthesizing Unit <MUX8_1_16bits_MUSER_Eight_Reg_16bits>.
    Related source file is "/home/ise/ISE/Multiple_Cycle_16_Bit_RISC_Computer/Schematic_Entry/Eight_Reg_16bits.vf".
    Summary:
	no macro.
Unit <MUX8_1_16bits_MUSER_Eight_Reg_16bits> synthesized.

Synthesizing Unit <MUX8_1_MUSER_Eight_Reg_16bits>.
    Related source file is "/home/ise/ISE/Multiple_Cycle_16_Bit_RISC_Computer/Schematic_Entry/Eight_Reg_16bits.vf".
    Set property "HU_SET = XLXI_8_0" for instance <XLXI_8>.
    Summary:
	no macro.
Unit <MUX8_1_MUSER_Eight_Reg_16bits> synthesized.

Synthesizing Unit <OR8_HXILINX_Eight_Reg_16bits>.
    Related source file is "/home/ise/ISE/Multiple_Cycle_16_Bit_RISC_Computer/Schematic_Entry/Eight_Reg_16bits.vf".
    Summary:
	no macro.
Unit <OR8_HXILINX_Eight_Reg_16bits> synthesized.

Synthesizing Unit <DFF_Reg_16bits_MUSER_Eight_Reg_16bits>.
    Related source file is "/home/ise/ISE/Multiple_Cycle_16_Bit_RISC_Computer/Schematic_Entry/Eight_Reg_16bits.vf".
    Summary:
	no macro.
Unit <DFF_Reg_16bits_MUSER_Eight_Reg_16bits> synthesized.

=========================================================================
HDL Synthesis Report

Found no macro
=========================================================================

=========================================================================
*                       Advanced HDL Synthesis                          *
=========================================================================


=========================================================================
Advanced HDL Synthesis Report

Macro Statistics
# Registers                                            : 128
 Flip-Flops                                            : 128

=========================================================================

=========================================================================
*                         Low Level Synthesis                           *
=========================================================================

Optimizing unit <Eight_Reg_16bits> ...

Optimizing unit <D3_8E_MUSER_Eight_Reg_16bits> ...

Optimizing unit <MUX8_1_MUSER_Eight_Reg_16bits> ...

Optimizing unit <OR8_HXILINX_Eight_Reg_16bits> ...

Mapping all equations...
Building and optimizing final netlist ...
Found area constraint ratio of 100 (+ 5) on block Eight_Reg_16bits, actual ratio is 0.

Final Macro Processing ...

=========================================================================
Final Register Report

Macro Statistics
# Registers                                            : 128
 Flip-Flops                                            : 128

=========================================================================

=========================================================================
*                           Partition Report                            *
=========================================================================

Partition Implementation Status
-------------------------------

  No Partitions were found in this design.

-------------------------------

=========================================================================
*                            Design Summary                             *
=========================================================================

Top Level Output File Name         : Eight_Reg_16bits.ngc

Primitive and Black Box Usage:
------------------------------
# BELS                             : 427
#      AND4                        : 264
#      INV                         : 99
#      LUT3                        : 32
#      LUT6                        : 32
# FlipFlops/Latches                : 128
#      FDE                         : 128
# Clock Buffers                    : 1
#      BUFGP                       : 1
# IO Buffers                       : 58
#      IBUF                        : 26
#      OBUF                        : 32

Device utilization summary:
---------------------------

Selected Device : 6vlx75tff484-1 


Slice Logic Utilization: 
 Number of Slice Registers:             128  out of  93120     0%  
 Number of Slice LUTs:                  163  out of  46560     0%  
    Number used as Logic:               163  out of  46560     0%  

Slice Logic Distribution: 
 Number of LUT Flip Flop pairs used:    291
   Number with an unused Flip Flop:     163  out of    291    56%  
   Number with an unused LUT:           128  out of    291    43%  
   Number of fully used LUT-FF pairs:     0  out of    291     0%  
   Number of unique control sets:         8

IO Utilization: 
 Number of IOs:                          59
 Number of bonded IOBs:                  59  out of    240    24%  

Specific Feature Utilization:
 Number of BUFG/BUFGCTRLs:                1  out of     32     3%  

---------------------------
Partition Resource Summary:
---------------------------

  No Partitions were found in this design.

---------------------------


=========================================================================
Timing Report

NOTE: THESE TIMING NUMBERS ARE ONLY A SYNTHESIS ESTIMATE.
      FOR ACCURATE TIMING INFORMATION PLEASE REFER TO THE TRACE REPORT
      GENERATED AFTER PLACE-and-ROUTE.

Clock Information:
------------------
-----------------------------------+------------------------+-------+
Clock Signal                       | Clock buffer(FF name)  | Load  |
-----------------------------------+------------------------+-------+
clk                                | BUFGP                  | 128   |
-----------------------------------+------------------------+-------+

Asynchronous Control Signals Information:
----------------------------------------
No asynchronous control signals found in this design

Timing Summary:
---------------
Speed Grade: -1

   Minimum period: No path found
   Minimum input arrival time before clock: 2.502ns
   Maximum output required time after clock: 2.763ns
   Maximum combinational path delay: 3.414ns

Timing Details:
---------------
All values displayed in nanoseconds (ns)

=========================================================================
Timing constraint: Default OFFSET IN BEFORE for Clock 'clk'
  Total number of paths / destination ports: 640 / 256
-------------------------------------------------------------------------
Offset:              2.502ns (Levels of Logic = 3)
  Source:            Write_addr<0> (PAD)
  Destination:       Register_6/XLXI_33 (FF)
  Destination Clock: clk rising

  Data Path: Write_addr<0> to Register_6/XLXI_33
                                Gate     Net
    Cell:in->out      fanout   Delay   Delay  Logical Name (Net Name)
    ----------------------------------------  ------------
     IBUF:I->O             5   0.003   0.426  Write_addr_0_IBUF (Write_addr_0_IBUF)
     INV:I->O              4   0.447   0.795  Load/XLXI_11 (Load/XLXN_70)
     AND4:I1->O           16   0.071   0.497  Load/XLXI_19 (XLXN_67)
     FDE:CE                    0.263          Register_2/XLXI_18
    ----------------------------------------
    Total                      2.502ns (0.784ns logic, 1.718ns route)
                                       (31.3% logic, 68.7% route)

=========================================================================
Timing constraint: Default OFFSET OUT AFTER for Clock 'clk'
  Total number of paths / destination ports: 256 / 32
-------------------------------------------------------------------------
Offset:              2.763ns (Levels of Logic = 5)
  Source:            Register_5/XLXI_18 (FF)
  Destination:       ReadA_data<15> (PAD)
  Source Clock:      clk rising

  Data Path: Register_5/XLXI_18 to ReadA_data<15>
                                Gate     Net
    Cell:in->out      fanout   Delay   Delay  Logical Name (Net Name)
    ----------------------------------------  ------------
     FDE:C->Q              2   0.375   0.784  Register_5/XLXI_18 (Reg_5<15>)
     AND4:I0->O            1   0.068   0.581  ReadA/Bit_15th/XLXI_5 (ReadA/Bit_15th/XLXN_7)
     begin scope: 'ReadA/Bit_15th/XLXI_8:I2'
     LUT3:I0->O            1   0.068   0.417  O_SW0 (N01)
     LUT6:I5->O            1   0.068   0.399  O (O)
     end scope: 'ReadA/Bit_15th/XLXI_8:O'
     OBUF:I->O                 0.003          ReadA_data_15_OBUF (ReadA_data<15>)
    ----------------------------------------
    Total                      2.763ns (0.582ns logic, 2.181ns route)
                                       (21.1% logic, 78.9% route)

=========================================================================
Timing constraint: Default path analysis
  Total number of paths / destination ports: 768 / 32
-------------------------------------------------------------------------
Delay:               3.414ns (Levels of Logic = 7)
  Source:            ReadA_addr<1> (PAD)
  Destination:       ReadA_data<15> (PAD)

  Data Path: ReadA_addr<1> to ReadA_data<15>
                                Gate     Net
    Cell:in->out      fanout   Delay   Delay  Logical Name (Net Name)
    ----------------------------------------  ------------
     IBUF:I->O            80   0.003   0.562  ReadA_addr_1_IBUF (ReadA_addr_1_IBUF)
     INV:I->O              4   0.447   0.658  ReadA/Bit_15th/XLXI_7 (ReadA/Bit_15th/XLXN_52)
     AND4:I2->O            1   0.208   0.581  ReadA/Bit_15th/XLXI_5 (ReadA/Bit_15th/XLXN_7)
     begin scope: 'ReadA/Bit_15th/XLXI_8:I2'
     LUT3:I0->O            1   0.068   0.417  O_SW0 (N01)
     LUT6:I5->O            1   0.068   0.399  O (O)
     end scope: 'ReadA/Bit_15th/XLXI_8:O'
     OBUF:I->O                 0.003          ReadA_data_15_OBUF (ReadA_data<15>)
    ----------------------------------------
    Total                      3.414ns (0.797ns logic, 2.617ns route)
                                       (23.3% logic, 76.7% route)

=========================================================================

Cross Clock Domains Report:
--------------------------

=========================================================================


Total REAL time to Xst completion: 6.00 secs
Total CPU time to Xst completion: 0.48 secs
 
--> 


Total memory usage is 499460 kilobytes

Number of errors   :    0 (   0 filtered)
Number of warnings :    0 (   0 filtered)
Number of infos    :    0 (   0 filtered)

